/home/rokey/rokey_cobot3/install/rail_control_core/lib/python3.12/site-packages/rail_control_core/fsm.py
/home/rokey/rokey_cobot3/install/rail_control_core/lib/python3.12/site-packages/rail_control_core/engine.py
/home/rokey/rokey_cobot3/install/rail_control_core/lib/python3.12/site-packages/rail_control_core/__init__.py
/home/rokey/rokey_cobot3/install/rail_control_core/lib/python3.12/site-packages/rail_control_core/topology.py
/home/rokey/rokey_cobot3/install/rail_control_core/lib/python3.12/site-packages/rail_control_core/control_core_node.py
/home/rokey/rokey_cobot3/install/rail_control_core/lib/python3.12/site-packages/rail_control_core/__pycache__/fsm.cpython-312.pyc
/home/rokey/rokey_cobot3/install/rail_control_core/lib/python3.12/site-packages/rail_control_core/__pycache__/engine.cpython-312.pyc
/home/rokey/rokey_cobot3/install/rail_control_core/lib/python3.12/site-packages/rail_control_core/__pycache__/__init__.cpython-312.pyc
/home/rokey/rokey_cobot3/install/rail_control_core/lib/python3.12/site-packages/rail_control_core/__pycache__/topology.cpython-312.pyc
/home/rokey/rokey_cobot3/install/rail_control_core/lib/python3.12/site-packages/rail_control_core/__pycache__/control_core_node.cpython-312.pyc
/home/rokey/rokey_cobot3/install/rail_control_core/share/ament_index/resource_index/packages/rail_control_core
/home/rokey/rokey_cobot3/install/rail_control_core/share/rail_control_core/package.xml
/home/rokey/rokey_cobot3/install/rail_control_core/share/rail_control_core/config/scenario_main.yaml
/home/rokey/rokey_cobot3/install/rail_control_core/share/rail_control_core/config/topology.yaml
/home/rokey/rokey_cobot3/install/rail_control_core/share/rail_control_core/config/params.yaml
/home/rokey/rokey_cobot3/install/rail_control_core/share/rail_control_core/launch/control_core.launch.py
/home/rokey/rokey_cobot3/install/rail_control_core/lib/python3.12/site-packages/rail_control_core-1.0.0-py3.12.egg-info/requires.txt
/home/rokey/rokey_cobot3/install/rail_control_core/lib/python3.12/site-packages/rail_control_core-1.0.0-py3.12.egg-info/dependency_links.txt
/home/rokey/rokey_cobot3/install/rail_control_core/lib/python3.12/site-packages/rail_control_core-1.0.0-py3.12.egg-info/zip-safe
/home/rokey/rokey_cobot3/install/rail_control_core/lib/python3.12/site-packages/rail_control_core-1.0.0-py3.12.egg-info/SOURCES.txt
/home/rokey/rokey_cobot3/install/rail_control_core/lib/python3.12/site-packages/rail_control_core-1.0.0-py3.12.egg-info/PKG-INFO
/home/rokey/rokey_cobot3/install/rail_control_core/lib/python3.12/site-packages/rail_control_core-1.0.0-py3.12.egg-info/entry_points.txt
/home/rokey/rokey_cobot3/install/rail_control_core/lib/python3.12/site-packages/rail_control_core-1.0.0-py3.12.egg-info/top_level.txt
/home/rokey/rokey_cobot3/install/rail_control_core/lib/rail_control_core/control_core
/home/rokey/rokey_cobot3/install/rail_control_core/lib/rail_control_core/sim
