running egg_info
creating ../../build/rail_bridge/rail_bridge.egg-info
writing ../../build/rail_bridge/rail_bridge.egg-info/PKG-INFO
writing dependency_links to ../../build/rail_bridge/rail_bridge.egg-info/dependency_links.txt
writing entry points to ../../build/rail_bridge/rail_bridge.egg-info/entry_points.txt
writing requirements to ../../build/rail_bridge/rail_bridge.egg-info/requires.txt
writing top-level names to ../../build/rail_bridge/rail_bridge.egg-info/top_level.txt
writing manifest file '../../build/rail_bridge/rail_bridge.egg-info/SOURCES.txt'
reading manifest file '../../build/rail_bridge/rail_bridge.egg-info/SOURCES.txt'
writing manifest file '../../build/rail_bridge/rail_bridge.egg-info/SOURCES.txt'
running build
running build_py
creating /home/rokey/rokey_cobot3/build/rail_bridge/build
creating /home/rokey/rokey_cobot3/build/rail_bridge/build/lib
creating /home/rokey/rokey_cobot3/build/rail_bridge/build/lib/rail_bridge
copying rail_bridge/mock_core_node.py -> /home/rokey/rokey_cobot3/build/rail_bridge/build/lib/rail_bridge
copying rail_bridge/mock_sim_node.py -> /home/rokey/rokey_cobot3/build/rail_bridge/build/lib/rail_bridge
copying rail_bridge/__init__.py -> /home/rokey/rokey_cobot3/build/rail_bridge/build/lib/rail_bridge
running install
running install_lib
creating /home/rokey/rokey_cobot3/install/rail_bridge/lib/python3.12/site-packages/rail_bridge
copying /home/rokey/rokey_cobot3/build/rail_bridge/build/lib/rail_bridge/mock_core_node.py -> /home/rokey/rokey_cobot3/install/rail_bridge/lib/python3.12/site-packages/rail_bridge
copying /home/rokey/rokey_cobot3/build/rail_bridge/build/lib/rail_bridge/mock_sim_node.py -> /home/rokey/rokey_cobot3/install/rail_bridge/lib/python3.12/site-packages/rail_bridge
copying /home/rokey/rokey_cobot3/build/rail_bridge/build/lib/rail_bridge/__init__.py -> /home/rokey/rokey_cobot3/install/rail_bridge/lib/python3.12/site-packages/rail_bridge
byte-compiling /home/rokey/rokey_cobot3/install/rail_bridge/lib/python3.12/site-packages/rail_bridge/mock_core_node.py to mock_core_node.cpython-312.pyc
byte-compiling /home/rokey/rokey_cobot3/install/rail_bridge/lib/python3.12/site-packages/rail_bridge/mock_sim_node.py to mock_sim_node.cpython-312.pyc
byte-compiling /home/rokey/rokey_cobot3/install/rail_bridge/lib/python3.12/site-packages/rail_bridge/__init__.py to __init__.cpython-312.pyc
running install_data
creating /home/rokey/rokey_cobot3/install/rail_bridge/share/ament_index
creating /home/rokey/rokey_cobot3/install/rail_bridge/share/ament_index/resource_index
creating /home/rokey/rokey_cobot3/install/rail_bridge/share/ament_index/resource_index/packages
copying resource/rail_bridge -> /home/rokey/rokey_cobot3/install/rail_bridge/share/ament_index/resource_index/packages
copying package.xml -> /home/rokey/rokey_cobot3/install/rail_bridge/share/rail_bridge
running install_egg_info
Copying ../../build/rail_bridge/rail_bridge.egg-info to /home/rokey/rokey_cobot3/install/rail_bridge/lib/python3.12/site-packages/rail_bridge-0.0.0-py3.12.egg-info
running install_scripts
Installing mock_core script to /home/rokey/rokey_cobot3/install/rail_bridge/lib/rail_bridge
Installing mock_sim script to /home/rokey/rokey_cobot3/install/rail_bridge/lib/rail_bridge
writing list of installed files to '/home/rokey/rokey_cobot3/build/rail_bridge/install.log'
