running egg_info
writing ../../build/rail_control_core/rail_control_core.egg-info/PKG-INFO
writing dependency_links to ../../build/rail_control_core/rail_control_core.egg-info/dependency_links.txt
writing entry points to ../../build/rail_control_core/rail_control_core.egg-info/entry_points.txt
writing requirements to ../../build/rail_control_core/rail_control_core.egg-info/requires.txt
writing top-level names to ../../build/rail_control_core/rail_control_core.egg-info/top_level.txt
reading manifest file '../../build/rail_control_core/rail_control_core.egg-info/SOURCES.txt'
writing manifest file '../../build/rail_control_core/rail_control_core.egg-info/SOURCES.txt'
running build
running build_py
running install
running install_lib
running install_data
running install_egg_info
removing '/home/rokey/rokey_cobot3/install/rail_control_core/lib/python3.12/site-packages/rail_control_core-1.0.0-py3.12.egg-info' (and everything under it)
Copying ../../build/rail_control_core/rail_control_core.egg-info to /home/rokey/rokey_cobot3/install/rail_control_core/lib/python3.12/site-packages/rail_control_core-1.0.0-py3.12.egg-info
running install_scripts
Installing control_core script to /home/rokey/rokey_cobot3/install/rail_control_core/lib/rail_control_core
Installing sim script to /home/rokey/rokey_cobot3/install/rail_control_core/lib/rail_control_core
writing list of installed files to '/home/rokey/rokey_cobot3/build/rail_control_core/install.log'
