[0.492s] Invoking command in '/home/rokey/rokey_cobot3/src/rail_control_core': DEBUGINFOD_URLS=https://debuginfod.ubuntu.com PYTHONPATH=/home/rokey/rokey_cobot3/build/rail_control_core/prefix_override:/usr/lib/python3/dist-packages/colcon_core/task/python/colcon_distutils_commands:/home/rokey/rokey_cobot3/install/rail_control_core/lib/python3.12/site-packages:${PYTHONPATH} /usr/bin/python3 -W ignore:setup.py install is deprecated -W ignore:easy_install command is deprecated setup.py egg_info --egg-base ../../build/rail_control_core build --build-base /home/rokey/rokey_cobot3/build/rail_control_core/build install --record /home/rokey/rokey_cobot3/build/rail_control_core/install.log --install-scripts $base/lib/rail_control_core --single-version-externally-managed install_data
[0.619s] running egg_info
[0.626s] writing ../../build/rail_control_core/rail_control_core.egg-info/PKG-INFO
[0.626s] writing dependency_links to ../../build/rail_control_core/rail_control_core.egg-info/dependency_links.txt
[0.626s] writing entry points to ../../build/rail_control_core/rail_control_core.egg-info/entry_points.txt
[0.627s] writing requirements to ../../build/rail_control_core/rail_control_core.egg-info/requires.txt
[0.627s] writing top-level names to ../../build/rail_control_core/rail_control_core.egg-info/top_level.txt
[0.642s] reading manifest file '../../build/rail_control_core/rail_control_core.egg-info/SOURCES.txt'
[0.642s] writing manifest file '../../build/rail_control_core/rail_control_core.egg-info/SOURCES.txt'
[0.642s] running build
[0.642s] running build_py
[0.643s] running install
[0.646s] running install_lib
[0.654s] running install_data
[0.655s] running install_egg_info
[0.662s] removing '/home/rokey/rokey_cobot3/install/rail_control_core/lib/python3.12/site-packages/rail_control_core-1.0.0-py3.12.egg-info' (and everything under it)
[0.663s] Copying ../../build/rail_control_core/rail_control_core.egg-info to /home/rokey/rokey_cobot3/install/rail_control_core/lib/python3.12/site-packages/rail_control_core-1.0.0-py3.12.egg-info
[0.663s] running install_scripts
[0.719s] Installing control_core script to /home/rokey/rokey_cobot3/install/rail_control_core/lib/rail_control_core
[0.719s] Installing sim script to /home/rokey/rokey_cobot3/install/rail_control_core/lib/rail_control_core
[0.719s] writing list of installed files to '/home/rokey/rokey_cobot3/build/rail_control_core/install.log'
[0.734s] Invoked command in '/home/rokey/rokey_cobot3/src/rail_control_core' returned '0': DEBUGINFOD_URLS=https://debuginfod.ubuntu.com PYTHONPATH=/home/rokey/rokey_cobot3/build/rail_control_core/prefix_override:/usr/lib/python3/dist-packages/colcon_core/task/python/colcon_distutils_commands:/home/rokey/rokey_cobot3/install/rail_control_core/lib/python3.12/site-packages:${PYTHONPATH} /usr/bin/python3 -W ignore:setup.py install is deprecated -W ignore:easy_install command is deprecated setup.py egg_info --egg-base ../../build/rail_control_core build --build-base /home/rokey/rokey_cobot3/build/rail_control_core/build install --record /home/rokey/rokey_cobot3/build/rail_control_core/install.log --install-scripts $base/lib/rail_control_core --single-version-externally-managed install_data
