running egg_info
creating ../../build/rail_control_core/rail_control_core.egg-info
writing ../../build/rail_control_core/rail_control_core.egg-info/PKG-INFO
writing dependency_links to ../../build/rail_control_core/rail_control_core.egg-info/dependency_links.txt
writing entry points to ../../build/rail_control_core/rail_control_core.egg-info/entry_points.txt
writing requirements to ../../build/rail_control_core/rail_control_core.egg-info/requires.txt
writing top-level names to ../../build/rail_control_core/rail_control_core.egg-info/top_level.txt
writing manifest file '../../build/rail_control_core/rail_control_core.egg-info/SOURCES.txt'
reading manifest file '../../build/rail_control_core/rail_control_core.egg-info/SOURCES.txt'
writing manifest file '../../build/rail_control_core/rail_control_core.egg-info/SOURCES.txt'
running build
running build_py
creating /home/rokey/rokey_cobot3/build/rail_control_core/build
creating /home/rokey/rokey_cobot3/build/rail_control_core/build/lib
creating /home/rokey/rokey_cobot3/build/rail_control_core/build/lib/rail_control_core
copying rail_control_core/fsm.py -> /home/rokey/rokey_cobot3/build/rail_control_core/build/lib/rail_control_core
copying rail_control_core/engine.py -> /home/rokey/rokey_cobot3/build/rail_control_core/build/lib/rail_control_core
copying rail_control_core/__init__.py -> /home/rokey/rokey_cobot3/build/rail_control_core/build/lib/rail_control_core
copying rail_control_core/topology.py -> /home/rokey/rokey_cobot3/build/rail_control_core/build/lib/rail_control_core
copying rail_control_core/control_core_node.py -> /home/rokey/rokey_cobot3/build/rail_control_core/build/lib/rail_control_core
running install
running install_lib
creating /home/rokey/rokey_cobot3/install/rail_control_core/lib/python3.12/site-packages/rail_control_core
copying /home/rokey/rokey_cobot3/build/rail_control_core/build/lib/rail_control_core/fsm.py -> /home/rokey/rokey_cobot3/install/rail_control_core/lib/python3.12/site-packages/rail_control_core
copying /home/rokey/rokey_cobot3/build/rail_control_core/build/lib/rail_control_core/engine.py -> /home/rokey/rokey_cobot3/install/rail_control_core/lib/python3.12/site-packages/rail_control_core
copying /home/rokey/rokey_cobot3/build/rail_control_core/build/lib/rail_control_core/__init__.py -> /home/rokey/rokey_cobot3/install/rail_control_core/lib/python3.12/site-packages/rail_control_core
copying /home/rokey/rokey_cobot3/build/rail_control_core/build/lib/rail_control_core/topology.py -> /home/rokey/rokey_cobot3/install/rail_control_core/lib/python3.12/site-packages/rail_control_core
copying /home/rokey/rokey_cobot3/build/rail_control_core/build/lib/rail_control_core/control_core_node.py -> /home/rokey/rokey_cobot3/install/rail_control_core/lib/python3.12/site-packages/rail_control_core
byte-compiling /home/rokey/rokey_cobot3/install/rail_control_core/lib/python3.12/site-packages/rail_control_core/fsm.py to fsm.cpython-312.pyc
byte-compiling /home/rokey/rokey_cobot3/install/rail_control_core/lib/python3.12/site-packages/rail_control_core/engine.py to engine.cpython-312.pyc
byte-compiling /home/rokey/rokey_cobot3/install/rail_control_core/lib/python3.12/site-packages/rail_control_core/__init__.py to __init__.cpython-312.pyc
byte-compiling /home/rokey/rokey_cobot3/install/rail_control_core/lib/python3.12/site-packages/rail_control_core/topology.py to topology.cpython-312.pyc
byte-compiling /home/rokey/rokey_cobot3/install/rail_control_core/lib/python3.12/site-packages/rail_control_core/control_core_node.py to control_core_node.cpython-312.pyc
running install_data
creating /home/rokey/rokey_cobot3/install/rail_control_core/share/ament_index
creating /home/rokey/rokey_cobot3/install/rail_control_core/share/ament_index/resource_index
creating /home/rokey/rokey_cobot3/install/rail_control_core/share/ament_index/resource_index/packages
copying resource/rail_control_core -> /home/rokey/rokey_cobot3/install/rail_control_core/share/ament_index/resource_index/packages
copying package.xml -> /home/rokey/rokey_cobot3/install/rail_control_core/share/rail_control_core
creating /home/rokey/rokey_cobot3/install/rail_control_core/share/rail_control_core/config
copying config/scenario_main.yaml -> /home/rokey/rokey_cobot3/install/rail_control_core/share/rail_control_core/config
copying config/topology.yaml -> /home/rokey/rokey_cobot3/install/rail_control_core/share/rail_control_core/config
copying config/params.yaml -> /home/rokey/rokey_cobot3/install/rail_control_core/share/rail_control_core/config
creating /home/rokey/rokey_cobot3/install/rail_control_core/share/rail_control_core/launch
copying launch/control_core.launch.py -> /home/rokey/rokey_cobot3/install/rail_control_core/share/rail_control_core/launch
running install_egg_info
Copying ../../build/rail_control_core/rail_control_core.egg-info to /home/rokey/rokey_cobot3/install/rail_control_core/lib/python3.12/site-packages/rail_control_core-1.0.0-py3.12.egg-info
running install_scripts
Installing control_core script to /home/rokey/rokey_cobot3/install/rail_control_core/lib/rail_control_core
Installing sim script to /home/rokey/rokey_cobot3/install/rail_control_core/lib/rail_control_core
writing list of installed files to '/home/rokey/rokey_cobot3/build/rail_control_core/install.log'
