[0.052s] DEBUG:colcon:Command line arguments: ['/usr/bin/colcon', 'build']
[0.053s] DEBUG:colcon:Parsed command line arguments: Namespace(log_base=None, log_level=None, verb_name='build', build_base='build', install_base='install', merge_install=False, symlink_install=False, test_result_base=None, continue_on_error=False, executor='parallel', parallel_workers=24, event_handlers=None, ignore_user_meta=False, metas=['./colcon.meta'], base_paths=['.'], packages_ignore=None, packages_ignore_regex=None, paths=None, packages_up_to=None, packages_up_to_regex=None, packages_above=None, packages_above_and_dependencies=None, packages_above_depth=None, packages_select_by_dep=None, packages_skip_by_dep=None, packages_skip_up_to=None, packages_select_build_failed=False, packages_skip_build_finished=False, packages_select_test_failures=False, packages_skip_test_passed=False, packages_select=None, packages_skip=None, packages_select_regex=None, packages_skip_regex=None, packages_start=None, packages_end=None, allow_overriding=[], cmake_args=None, cmake_target=None, cmake_target_skip_unavailable=False, cmake_clean_cache=False, cmake_clean_first=False, cmake_force_configure=False, ament_cmake_args=None, catkin_cmake_args=None, catkin_skip_building_tests=False, mixin_files=None, mixin=None, verb_parser=<colcon_mixin.mixin.mixin_argument.MixinArgumentDecorator object at 0x70e9e519ce60>, verb_extension=<colcon_core.verb.build.BuildVerb object at 0x70e9e511ac30>, main=<bound method BuildVerb.main of <colcon_core.verb.build.BuildVerb object at 0x70e9e511ac30>>, mixin_verb=('build',))
[0.070s] Level 1:colcon.colcon_core.package_discovery:discover_packages(colcon_meta) check parameters
[0.070s] Level 1:colcon.colcon_core.package_discovery:discover_packages(recursive) check parameters
[0.071s] Level 1:colcon.colcon_core.package_discovery:discover_packages(ignore) check parameters
[0.071s] Level 1:colcon.colcon_core.package_discovery:discover_packages(path) check parameters
[0.071s] Level 1:colcon.colcon_core.package_discovery:discover_packages(colcon_meta) discover
[0.071s] Level 1:colcon.colcon_core.package_discovery:discover_packages(recursive) discover
[0.071s] INFO:colcon.colcon_core.package_discovery:Crawling recursively for packages in '/home/rokey/rokey_cobot3'
[0.071s] Level 1:colcon.colcon_core.package_identification:_identify(.) by extensions ['ignore', 'ignore_ament_install']
[0.071s] Level 1:colcon.colcon_core.package_identification:_identify(.) by extension 'ignore'
[0.071s] Level 1:colcon.colcon_core.package_identification:_identify(.) by extension 'ignore_ament_install'
[0.071s] Level 1:colcon.colcon_core.package_identification:_identify(.) by extensions ['colcon_pkg']
[0.071s] Level 1:colcon.colcon_core.package_identification:_identify(.) by extension 'colcon_pkg'
[0.071s] Level 1:colcon.colcon_core.package_identification:_identify(.) by extensions ['colcon_meta']
[0.071s] Level 1:colcon.colcon_core.package_identification:_identify(.) by extension 'colcon_meta'
[0.071s] Level 1:colcon.colcon_core.package_identification:_identify(.) by extensions ['ros']
[0.071s] Level 1:colcon.colcon_core.package_identification:_identify(.) by extension 'ros'
[0.083s] Level 1:colcon.colcon_core.package_identification:_identify(.) by extensions ['cmake', 'python']
[0.083s] Level 1:colcon.colcon_core.package_identification:_identify(.) by extension 'cmake'
[0.083s] Level 1:colcon.colcon_core.package_identification:_identify(.) by extension 'python'
[0.083s] Level 1:colcon.colcon_core.package_identification:_identify(.) by extensions ['python_setup_py']
[0.083s] Level 1:colcon.colcon_core.package_identification:_identify(.) by extension 'python_setup_py'
[0.083s] Level 1:colcon.colcon_core.package_identification:_identify(build) by extensions ['ignore', 'ignore_ament_install']
[0.083s] Level 1:colcon.colcon_core.package_identification:_identify(build) by extension 'ignore'
[0.083s] Level 1:colcon.colcon_core.package_identification:_identify(build) ignored
[0.083s] Level 1:colcon.colcon_core.package_identification:_identify(install) by extensions ['ignore', 'ignore_ament_install']
[0.083s] Level 1:colcon.colcon_core.package_identification:_identify(install) by extension 'ignore'
[0.083s] Level 1:colcon.colcon_core.package_identification:_identify(install) ignored
[0.083s] Level 1:colcon.colcon_core.package_identification:_identify(isaacsim) by extensions ['ignore', 'ignore_ament_install']
[0.083s] Level 1:colcon.colcon_core.package_identification:_identify(isaacsim) by extension 'ignore'
[0.083s] Level 1:colcon.colcon_core.package_identification:_identify(isaacsim) by extension 'ignore_ament_install'
[0.083s] Level 1:colcon.colcon_core.package_identification:_identify(isaacsim) by extensions ['colcon_pkg']
[0.083s] Level 1:colcon.colcon_core.package_identification:_identify(isaacsim) by extension 'colcon_pkg'
[0.083s] Level 1:colcon.colcon_core.package_identification:_identify(isaacsim) by extensions ['colcon_meta']
[0.083s] Level 1:colcon.colcon_core.package_identification:_identify(isaacsim) by extension 'colcon_meta'
[0.083s] Level 1:colcon.colcon_core.package_identification:_identify(isaacsim) by extensions ['ros']
[0.083s] Level 1:colcon.colcon_core.package_identification:_identify(isaacsim) by extension 'ros'
[0.083s] Level 1:colcon.colcon_core.package_identification:_identify(isaacsim) by extensions ['cmake', 'python']
[0.083s] Level 1:colcon.colcon_core.package_identification:_identify(isaacsim) by extension 'cmake'
[0.083s] Level 1:colcon.colcon_core.package_identification:_identify(isaacsim) by extension 'python'
[0.083s] Level 1:colcon.colcon_core.package_identification:_identify(isaacsim) by extensions ['python_setup_py']
[0.083s] Level 1:colcon.colcon_core.package_identification:_identify(isaacsim) by extension 'python_setup_py'
[0.083s] Level 1:colcon.colcon_core.package_identification:_identify(isaacsim/usd) by extensions ['ignore', 'ignore_ament_install']
[0.084s] Level 1:colcon.colcon_core.package_identification:_identify(isaacsim/usd) by extension 'ignore'
[0.084s] Level 1:colcon.colcon_core.package_identification:_identify(isaacsim/usd) by extension 'ignore_ament_install'
[0.084s] Level 1:colcon.colcon_core.package_identification:_identify(isaacsim/usd) by extensions ['colcon_pkg']
[0.084s] Level 1:colcon.colcon_core.package_identification:_identify(isaacsim/usd) by extension 'colcon_pkg'
[0.084s] Level 1:colcon.colcon_core.package_identification:_identify(isaacsim/usd) by extensions ['colcon_meta']
[0.084s] Level 1:colcon.colcon_core.package_identification:_identify(isaacsim/usd) by extension 'colcon_meta'
[0.084s] Level 1:colcon.colcon_core.package_identification:_identify(isaacsim/usd) by extensions ['ros']
[0.084s] Level 1:colcon.colcon_core.package_identification:_identify(isaacsim/usd) by extension 'ros'
[0.084s] Level 1:colcon.colcon_core.package_identification:_identify(isaacsim/usd) by extensions ['cmake', 'python']
[0.084s] Level 1:colcon.colcon_core.package_identification:_identify(isaacsim/usd) by extension 'cmake'
[0.084s] Level 1:colcon.colcon_core.package_identification:_identify(isaacsim/usd) by extension 'python'
[0.084s] Level 1:colcon.colcon_core.package_identification:_identify(isaacsim/usd) by extensions ['python_setup_py']
[0.084s] Level 1:colcon.colcon_core.package_identification:_identify(isaacsim/usd) by extension 'python_setup_py'
[0.084s] Level 1:colcon.colcon_core.package_identification:_identify(log) by extensions ['ignore', 'ignore_ament_install']
[0.084s] Level 1:colcon.colcon_core.package_identification:_identify(log) by extension 'ignore'
[0.084s] Level 1:colcon.colcon_core.package_identification:_identify(log) ignored
[0.084s] Level 1:colcon.colcon_core.package_identification:_identify(rail_bridge) by extensions ['ignore', 'ignore_ament_install']
[0.084s] Level 1:colcon.colcon_core.package_identification:_identify(rail_bridge) by extension 'ignore'
[0.084s] Level 1:colcon.colcon_core.package_identification:_identify(rail_bridge) by extension 'ignore_ament_install'
[0.084s] Level 1:colcon.colcon_core.package_identification:_identify(rail_bridge) by extensions ['colcon_pkg']
[0.084s] Level 1:colcon.colcon_core.package_identification:_identify(rail_bridge) by extension 'colcon_pkg'
[0.084s] Level 1:colcon.colcon_core.package_identification:_identify(rail_bridge) by extensions ['colcon_meta']
[0.084s] Level 1:colcon.colcon_core.package_identification:_identify(rail_bridge) by extension 'colcon_meta'
[0.084s] Level 1:colcon.colcon_core.package_identification:_identify(rail_bridge) by extensions ['ros']
[0.084s] Level 1:colcon.colcon_core.package_identification:_identify(rail_bridge) by extension 'ros'
[0.084s] Level 1:colcon.colcon_core.package_identification:_identify(rail_bridge) by extensions ['cmake', 'python']
[0.084s] Level 1:colcon.colcon_core.package_identification:_identify(rail_bridge) by extension 'cmake'
[0.084s] Level 1:colcon.colcon_core.package_identification:_identify(rail_bridge) by extension 'python'
[0.084s] Level 1:colcon.colcon_core.package_identification:_identify(rail_bridge) by extensions ['python_setup_py']
[0.084s] Level 1:colcon.colcon_core.package_identification:_identify(rail_bridge) by extension 'python_setup_py'
[0.084s] Level 1:colcon.colcon_core.package_identification:_identify(rail_control_core) by extensions ['ignore', 'ignore_ament_install']
[0.084s] Level 1:colcon.colcon_core.package_identification:_identify(rail_control_core) by extension 'ignore'
[0.084s] Level 1:colcon.colcon_core.package_identification:_identify(rail_control_core) by extension 'ignore_ament_install'
[0.084s] Level 1:colcon.colcon_core.package_identification:_identify(rail_control_core) by extensions ['colcon_pkg']
[0.084s] Level 1:colcon.colcon_core.package_identification:_identify(rail_control_core) by extension 'colcon_pkg'
[0.084s] Level 1:colcon.colcon_core.package_identification:_identify(rail_control_core) by extensions ['colcon_meta']
[0.084s] Level 1:colcon.colcon_core.package_identification:_identify(rail_control_core) by extension 'colcon_meta'
[0.084s] Level 1:colcon.colcon_core.package_identification:_identify(rail_control_core) by extensions ['ros']
[0.084s] Level 1:colcon.colcon_core.package_identification:_identify(rail_control_core) by extension 'ros'
[0.084s] Level 1:colcon.colcon_core.package_identification:_identify(rail_control_core) by extensions ['cmake', 'python']
[0.084s] Level 1:colcon.colcon_core.package_identification:_identify(rail_control_core) by extension 'cmake'
[0.084s] Level 1:colcon.colcon_core.package_identification:_identify(rail_control_core) by extension 'python'
[0.084s] Level 1:colcon.colcon_core.package_identification:_identify(rail_control_core) by extensions ['python_setup_py']
[0.084s] Level 1:colcon.colcon_core.package_identification:_identify(rail_control_core) by extension 'python_setup_py'
[0.084s] Level 1:colcon.colcon_core.package_identification:_identify(rail_sim_assets) by extensions ['ignore', 'ignore_ament_install']
[0.084s] Level 1:colcon.colcon_core.package_identification:_identify(rail_sim_assets) by extension 'ignore'
[0.084s] Level 1:colcon.colcon_core.package_identification:_identify(rail_sim_assets) by extension 'ignore_ament_install'
[0.084s] Level 1:colcon.colcon_core.package_identification:_identify(rail_sim_assets) by extensions ['colcon_pkg']
[0.084s] Level 1:colcon.colcon_core.package_identification:_identify(rail_sim_assets) by extension 'colcon_pkg'
[0.084s] Level 1:colcon.colcon_core.package_identification:_identify(rail_sim_assets) by extensions ['colcon_meta']
[0.084s] Level 1:colcon.colcon_core.package_identification:_identify(rail_sim_assets) by extension 'colcon_meta'
[0.084s] Level 1:colcon.colcon_core.package_identification:_identify(rail_sim_assets) by extensions ['ros']
[0.084s] Level 1:colcon.colcon_core.package_identification:_identify(rail_sim_assets) by extension 'ros'
[0.084s] Level 1:colcon.colcon_core.package_identification:_identify(rail_sim_assets) by extensions ['cmake', 'python']
[0.084s] Level 1:colcon.colcon_core.package_identification:_identify(rail_sim_assets) by extension 'cmake'
[0.084s] Level 1:colcon.colcon_core.package_identification:_identify(rail_sim_assets) by extension 'python'
[0.084s] Level 1:colcon.colcon_core.package_identification:_identify(rail_sim_assets) by extensions ['python_setup_py']
[0.085s] Level 1:colcon.colcon_core.package_identification:_identify(rail_sim_assets) by extension 'python_setup_py'
[0.085s] Level 1:colcon.colcon_core.package_identification:_identify(rail_ui) by extensions ['ignore', 'ignore_ament_install']
[0.085s] Level 1:colcon.colcon_core.package_identification:_identify(rail_ui) by extension 'ignore'
[0.085s] Level 1:colcon.colcon_core.package_identification:_identify(rail_ui) by extension 'ignore_ament_install'
[0.085s] Level 1:colcon.colcon_core.package_identification:_identify(rail_ui) by extensions ['colcon_pkg']
[0.085s] Level 1:colcon.colcon_core.package_identification:_identify(rail_ui) by extension 'colcon_pkg'
[0.085s] Level 1:colcon.colcon_core.package_identification:_identify(rail_ui) by extensions ['colcon_meta']
[0.085s] Level 1:colcon.colcon_core.package_identification:_identify(rail_ui) by extension 'colcon_meta'
[0.085s] Level 1:colcon.colcon_core.package_identification:_identify(rail_ui) by extensions ['ros']
[0.085s] Level 1:colcon.colcon_core.package_identification:_identify(rail_ui) by extension 'ros'
[0.085s] Level 1:colcon.colcon_core.package_identification:_identify(rail_ui) by extensions ['cmake', 'python']
[0.085s] Level 1:colcon.colcon_core.package_identification:_identify(rail_ui) by extension 'cmake'
[0.085s] Level 1:colcon.colcon_core.package_identification:_identify(rail_ui) by extension 'python'
[0.085s] Level 1:colcon.colcon_core.package_identification:_identify(rail_ui) by extensions ['python_setup_py']
[0.085s] Level 1:colcon.colcon_core.package_identification:_identify(rail_ui) by extension 'python_setup_py'
[0.085s] Level 1:colcon.colcon_core.package_identification:_identify(src) by extensions ['ignore', 'ignore_ament_install']
[0.085s] Level 1:colcon.colcon_core.package_identification:_identify(src) by extension 'ignore'
[0.085s] Level 1:colcon.colcon_core.package_identification:_identify(src) by extension 'ignore_ament_install'
[0.085s] Level 1:colcon.colcon_core.package_identification:_identify(src) by extensions ['colcon_pkg']
[0.085s] Level 1:colcon.colcon_core.package_identification:_identify(src) by extension 'colcon_pkg'
[0.085s] Level 1:colcon.colcon_core.package_identification:_identify(src) by extensions ['colcon_meta']
[0.085s] Level 1:colcon.colcon_core.package_identification:_identify(src) by extension 'colcon_meta'
[0.085s] Level 1:colcon.colcon_core.package_identification:_identify(src) by extensions ['ros']
[0.085s] Level 1:colcon.colcon_core.package_identification:_identify(src) by extension 'ros'
[0.085s] Level 1:colcon.colcon_core.package_identification:_identify(src) by extensions ['cmake', 'python']
[0.085s] Level 1:colcon.colcon_core.package_identification:_identify(src) by extension 'cmake'
[0.085s] Level 1:colcon.colcon_core.package_identification:_identify(src) by extension 'python'
[0.085s] Level 1:colcon.colcon_core.package_identification:_identify(src) by extensions ['python_setup_py']
[0.085s] Level 1:colcon.colcon_core.package_identification:_identify(src) by extension 'python_setup_py'
[0.085s] Level 1:colcon.colcon_core.package_identification:_identify(src/rail_bridge) by extensions ['ignore', 'ignore_ament_install']
[0.085s] Level 1:colcon.colcon_core.package_identification:_identify(src/rail_bridge) by extension 'ignore'
[0.085s] Level 1:colcon.colcon_core.package_identification:_identify(src/rail_bridge) by extension 'ignore_ament_install'
[0.085s] Level 1:colcon.colcon_core.package_identification:_identify(src/rail_bridge) by extensions ['colcon_pkg']
[0.085s] Level 1:colcon.colcon_core.package_identification:_identify(src/rail_bridge) by extension 'colcon_pkg'
[0.085s] Level 1:colcon.colcon_core.package_identification:_identify(src/rail_bridge) by extensions ['colcon_meta']
[0.085s] Level 1:colcon.colcon_core.package_identification:_identify(src/rail_bridge) by extension 'colcon_meta'
[0.085s] Level 1:colcon.colcon_core.package_identification:_identify(src/rail_bridge) by extensions ['ros']
[0.085s] Level 1:colcon.colcon_core.package_identification:_identify(src/rail_bridge) by extension 'ros'
[0.086s] DEBUG:colcon.colcon_core.package_identification:Package 'src/rail_bridge' with type 'ros.ament_python' and name 'rail_bridge'
[0.086s] Level 1:colcon.colcon_core.package_identification:_identify(src/rail_control_core) by extensions ['ignore', 'ignore_ament_install']
[0.086s] Level 1:colcon.colcon_core.package_identification:_identify(src/rail_control_core) by extension 'ignore'
[0.086s] Level 1:colcon.colcon_core.package_identification:_identify(src/rail_control_core) by extension 'ignore_ament_install'
[0.087s] Level 1:colcon.colcon_core.package_identification:_identify(src/rail_control_core) by extensions ['colcon_pkg']
[0.087s] Level 1:colcon.colcon_core.package_identification:_identify(src/rail_control_core) by extension 'colcon_pkg'
[0.087s] Level 1:colcon.colcon_core.package_identification:_identify(src/rail_control_core) by extensions ['colcon_meta']
[0.087s] Level 1:colcon.colcon_core.package_identification:_identify(src/rail_control_core) by extension 'colcon_meta'
[0.087s] Level 1:colcon.colcon_core.package_identification:_identify(src/rail_control_core) by extensions ['ros']
[0.087s] Level 1:colcon.colcon_core.package_identification:_identify(src/rail_control_core) by extension 'ros'
[0.087s] DEBUG:colcon.colcon_core.package_identification:Package 'src/rail_control_core' with type 'ros.ament_python' and name 'rail_control_core'
[0.087s] Level 1:colcon.colcon_core.package_discovery:discover_packages(recursive) using defaults
[0.087s] Level 1:colcon.colcon_core.package_discovery:discover_packages(ignore) discover
[0.087s] Level 1:colcon.colcon_core.package_discovery:discover_packages(ignore) using defaults
[0.087s] Level 1:colcon.colcon_core.package_discovery:discover_packages(path) discover
[0.087s] Level 1:colcon.colcon_core.package_discovery:discover_packages(path) using defaults
[0.096s] Level 1:colcon.colcon_core.package_discovery:discover_packages(prefix_path) check parameters
[0.096s] Level 1:colcon.colcon_core.package_discovery:discover_packages(prefix_path) discover
[0.097s] DEBUG:colcon.colcon_installed_package_information.package_discovery:Found 1 installed packages in /home/rokey/rokey_cobot3/install
[0.098s] DEBUG:colcon.colcon_installed_package_information.package_discovery:Found 384 installed packages in /opt/ros/jazzy
[0.098s] Level 1:colcon.colcon_core.package_discovery:discover_packages(prefix_path) using defaults
[0.118s] Level 5:colcon.colcon_core.verb:set package 'rail_bridge' build argument 'cmake_args' from command line to 'None'
[0.118s] Level 5:colcon.colcon_core.verb:set package 'rail_bridge' build argument 'cmake_target' from command line to 'None'
[0.118s] Level 5:colcon.colcon_core.verb:set package 'rail_bridge' build argument 'cmake_target_skip_unavailable' from command line to 'False'
[0.118s] Level 5:colcon.colcon_core.verb:set package 'rail_bridge' build argument 'cmake_clean_cache' from command line to 'False'
[0.119s] Level 5:colcon.colcon_core.verb:set package 'rail_bridge' build argument 'cmake_clean_first' from command line to 'False'
[0.119s] Level 5:colcon.colcon_core.verb:set package 'rail_bridge' build argument 'cmake_force_configure' from command line to 'False'
[0.119s] Level 5:colcon.colcon_core.verb:set package 'rail_bridge' build argument 'ament_cmake_args' from command line to 'None'
[0.119s] Level 5:colcon.colcon_core.verb:set package 'rail_bridge' build argument 'catkin_cmake_args' from command line to 'None'
[0.119s] Level 5:colcon.colcon_core.verb:set package 'rail_bridge' build argument 'catkin_skip_building_tests' from command line to 'False'
[0.119s] DEBUG:colcon.colcon_core.verb:Building package 'rail_bridge' with the following arguments: {'ament_cmake_args': None, 'build_base': '/home/rokey/rokey_cobot3/build/rail_bridge', 'catkin_cmake_args': None, 'catkin_skip_building_tests': False, 'cmake_args': None, 'cmake_clean_cache': False, 'cmake_clean_first': False, 'cmake_force_configure': False, 'cmake_target': None, 'cmake_target_skip_unavailable': False, 'install_base': '/home/rokey/rokey_cobot3/install/rail_bridge', 'merge_install': False, 'path': '/home/rokey/rokey_cobot3/src/rail_bridge', 'symlink_install': False, 'test_result_base': None}
[0.119s] Level 5:colcon.colcon_core.verb:set package 'rail_control_core' build argument 'cmake_args' from command line to 'None'
[0.119s] Level 5:colcon.colcon_core.verb:set package 'rail_control_core' build argument 'cmake_target' from command line to 'None'
[0.119s] Level 5:colcon.colcon_core.verb:set package 'rail_control_core' build argument 'cmake_target_skip_unavailable' from command line to 'False'
[0.119s] Level 5:colcon.colcon_core.verb:set package 'rail_control_core' build argument 'cmake_clean_cache' from command line to 'False'
[0.119s] Level 5:colcon.colcon_core.verb:set package 'rail_control_core' build argument 'cmake_clean_first' from command line to 'False'
[0.119s] Level 5:colcon.colcon_core.verb:set package 'rail_control_core' build argument 'cmake_force_configure' from command line to 'False'
[0.119s] Level 5:colcon.colcon_core.verb:set package 'rail_control_core' build argument 'ament_cmake_args' from command line to 'None'
[0.119s] Level 5:colcon.colcon_core.verb:set package 'rail_control_core' build argument 'catkin_cmake_args' from command line to 'None'
[0.119s] Level 5:colcon.colcon_core.verb:set package 'rail_control_core' build argument 'catkin_skip_building_tests' from command line to 'False'
[0.119s] DEBUG:colcon.colcon_core.verb:Building package 'rail_control_core' with the following arguments: {'ament_cmake_args': None, 'build_base': '/home/rokey/rokey_cobot3/build/rail_control_core', 'catkin_cmake_args': None, 'catkin_skip_building_tests': False, 'cmake_args': None, 'cmake_clean_cache': False, 'cmake_clean_first': False, 'cmake_force_configure': False, 'cmake_target': None, 'cmake_target_skip_unavailable': False, 'install_base': '/home/rokey/rokey_cobot3/install/rail_control_core', 'merge_install': False, 'path': '/home/rokey/rokey_cobot3/src/rail_control_core', 'symlink_install': False, 'test_result_base': None}
[0.119s] INFO:colcon.colcon_core.executor:Executing jobs using 'parallel' executor
[0.120s] DEBUG:colcon.colcon_parallel_executor.executor.parallel:run_until_complete
[0.120s] INFO:colcon.colcon_ros.task.ament_python.build:Building ROS package in '/home/rokey/rokey_cobot3/src/rail_bridge' with build type 'ament_python'
[0.120s] Level 1:colcon.colcon_core.shell:create_environment_hook('rail_bridge', 'ament_prefix_path')
[0.120s] INFO:colcon.colcon_core.plugin_system:Skipping extension 'colcon_core.shell.bat': Not used on non-Windows systems
[0.121s] INFO:colcon.colcon_core.shell:Creating environment hook '/home/rokey/rokey_cobot3/install/rail_bridge/share/rail_bridge/hook/ament_prefix_path.ps1'
[0.121s] INFO:colcon.colcon_core.shell:Creating environment descriptor '/home/rokey/rokey_cobot3/install/rail_bridge/share/rail_bridge/hook/ament_prefix_path.dsv'
[0.121s] INFO:colcon.colcon_core.shell:Creating environment hook '/home/rokey/rokey_cobot3/install/rail_bridge/share/rail_bridge/hook/ament_prefix_path.sh'
[0.121s] INFO:colcon.colcon_core.shell:Skip shell extension 'powershell' for command environment: Not usable outside of PowerShell
[0.121s] DEBUG:colcon.colcon_core.shell:Skip shell extension 'dsv' for command environment
[0.123s] INFO:colcon.colcon_ros.task.ament_python.build:Building ROS package in '/home/rokey/rokey_cobot3/src/rail_control_core' with build type 'ament_python'
[0.123s] Level 1:colcon.colcon_core.shell:create_environment_hook('rail_control_core', 'ament_prefix_path')
[0.123s] INFO:colcon.colcon_core.shell:Creating environment hook '/home/rokey/rokey_cobot3/install/rail_control_core/share/rail_control_core/hook/ament_prefix_path.ps1'
[0.123s] INFO:colcon.colcon_core.shell:Creating environment descriptor '/home/rokey/rokey_cobot3/install/rail_control_core/share/rail_control_core/hook/ament_prefix_path.dsv'
[0.123s] INFO:colcon.colcon_core.shell:Creating environment hook '/home/rokey/rokey_cobot3/install/rail_control_core/share/rail_control_core/hook/ament_prefix_path.sh'
[0.124s] INFO:colcon.colcon_core.shell:Skip shell extension 'powershell' for command environment: Not usable outside of PowerShell
[0.124s] DEBUG:colcon.colcon_core.shell:Skip shell extension 'dsv' for command environment
[0.228s] INFO:colcon.colcon_core.task.python.build:Building Python package in '/home/rokey/rokey_cobot3/src/rail_bridge'
[0.228s] INFO:colcon.colcon_core.shell:Skip shell extension 'powershell' for command environment: Not usable outside of PowerShell
[0.228s] DEBUG:colcon.colcon_core.shell:Skip shell extension 'dsv' for command environment
[0.330s] INFO:colcon.colcon_core.task.python.build:Building Python package in '/home/rokey/rokey_cobot3/src/rail_control_core'
[0.330s] INFO:colcon.colcon_core.shell:Skip shell extension 'powershell' for command environment: Not usable outside of PowerShell
[0.330s] DEBUG:colcon.colcon_core.shell:Skip shell extension 'dsv' for command environment
[0.591s] DEBUG:colcon.colcon_core.task.python.build:Available setuptools commands: bdist_wheel, bdist_rpm, compile_catalog, bdist_dumb, build, rotate, build_clib, install_egg_info, editable_wheel, build_py, test, egg_info, upload, easy_install, build_scripts, alias, install_data, update_catalog, build_ext, install_scripts, install, dist_info, upload_docs, install_headers, install_lib, bdist, symlink_data, bdist_egg, develop, extract_messages, setopt, clean, sdist, check, register, saveopts, init_catalog
[0.593s] DEBUG:colcon.colcon_core.event_handler.log_command:Invoking command in '/home/rokey/rokey_cobot3/src/rail_control_core': DEBUGINFOD_URLS=https://debuginfod.ubuntu.com PYTHONPATH=/home/rokey/rokey_cobot3/build/rail_control_core/prefix_override:/usr/lib/python3/dist-packages/colcon_core/task/python/colcon_distutils_commands:/home/rokey/rokey_cobot3/install/rail_control_core/lib/python3.12/site-packages:${PYTHONPATH} /usr/bin/python3 -W ignore:setup.py install is deprecated -W ignore:easy_install command is deprecated setup.py egg_info --egg-base ../../build/rail_control_core build --build-base /home/rokey/rokey_cobot3/build/rail_control_core/build install --record /home/rokey/rokey_cobot3/build/rail_control_core/install.log --install-scripts $base/lib/rail_control_core --single-version-externally-managed install_data
[0.594s] DEBUG:colcon.colcon_core.task.python.build:Available setuptools commands: bdist_wheel, bdist_rpm, compile_catalog, bdist_dumb, build, rotate, build_clib, install_egg_info, editable_wheel, build_py, test, egg_info, upload, easy_install, build_scripts, alias, install_data, update_catalog, build_ext, install_scripts, install, dist_info, upload_docs, install_headers, install_lib, bdist, symlink_data, bdist_egg, develop, extract_messages, setopt, clean, sdist, check, register, saveopts, init_catalog
[0.594s] DEBUG:colcon.colcon_core.event_handler.log_command:Invoking command in '/home/rokey/rokey_cobot3/src/rail_bridge': DEBUGINFOD_URLS=https://debuginfod.ubuntu.com PYTHONPATH=/home/rokey/rokey_cobot3/build/rail_bridge/prefix_override:/usr/lib/python3/dist-packages/colcon_core/task/python/colcon_distutils_commands:/home/rokey/rokey_cobot3/install/rail_bridge/lib/python3.12/site-packages:${PYTHONPATH} /usr/bin/python3 -W ignore:setup.py install is deprecated -W ignore:easy_install command is deprecated setup.py egg_info --egg-base ../../build/rail_bridge build --build-base /home/rokey/rokey_cobot3/build/rail_bridge/build install --record /home/rokey/rokey_cobot3/build/rail_bridge/install.log --install-scripts $base/lib/rail_bridge --single-version-externally-managed install_data
[0.825s] DEBUG:colcon.colcon_core.event_handler.log_command:Invoked command in '/home/rokey/rokey_cobot3/src/rail_bridge' returned '0': DEBUGINFOD_URLS=https://debuginfod.ubuntu.com PYTHONPATH=/home/rokey/rokey_cobot3/build/rail_bridge/prefix_override:/usr/lib/python3/dist-packages/colcon_core/task/python/colcon_distutils_commands:/home/rokey/rokey_cobot3/install/rail_bridge/lib/python3.12/site-packages:${PYTHONPATH} /usr/bin/python3 -W ignore:setup.py install is deprecated -W ignore:easy_install command is deprecated setup.py egg_info --egg-base ../../build/rail_bridge build --build-base /home/rokey/rokey_cobot3/build/rail_bridge/build install --record /home/rokey/rokey_cobot3/build/rail_bridge/install.log --install-scripts $base/lib/rail_bridge --single-version-externally-managed install_data
[0.826s] Level 1:colcon.colcon_core.environment:checking '/home/rokey/rokey_cobot3/install/rail_bridge' for CMake module files
[0.826s] Level 1:colcon.colcon_core.environment:checking '/home/rokey/rokey_cobot3/install/rail_bridge' for CMake config files
[0.826s] Level 1:colcon.colcon_core.environment:checking '/home/rokey/rokey_cobot3/install/rail_bridge/lib'
[0.826s] Level 1:colcon.colcon_core.environment:checking '/home/rokey/rokey_cobot3/install/rail_bridge/bin'
[0.826s] Level 1:colcon.colcon_core.environment:checking '/home/rokey/rokey_cobot3/install/rail_bridge/lib/pkgconfig/rail_bridge.pc'
[0.826s] Level 1:colcon.colcon_core.environment:checking '/home/rokey/rokey_cobot3/install/rail_bridge/lib/python3.12/site-packages'
[0.826s] Level 1:colcon.colcon_core.shell:create_environment_hook('rail_bridge', 'pythonpath')
[0.827s] INFO:colcon.colcon_core.shell:Creating environment hook '/home/rokey/rokey_cobot3/install/rail_bridge/share/rail_bridge/hook/pythonpath.ps1'
[0.827s] INFO:colcon.colcon_core.shell:Creating environment descriptor '/home/rokey/rokey_cobot3/install/rail_bridge/share/rail_bridge/hook/pythonpath.dsv'
[0.827s] INFO:colcon.colcon_core.shell:Creating environment hook '/home/rokey/rokey_cobot3/install/rail_bridge/share/rail_bridge/hook/pythonpath.sh'
[0.827s] Level 1:colcon.colcon_core.environment:checking '/home/rokey/rokey_cobot3/install/rail_bridge/bin'
[0.827s] Level 1:colcon.colcon_core.environment:create_environment_scripts_only(rail_bridge)
[0.827s] INFO:colcon.colcon_core.shell:Creating package script '/home/rokey/rokey_cobot3/install/rail_bridge/share/rail_bridge/package.ps1'
[0.828s] INFO:colcon.colcon_core.shell:Creating package descriptor '/home/rokey/rokey_cobot3/install/rail_bridge/share/rail_bridge/package.dsv'
[0.828s] INFO:colcon.colcon_core.shell:Creating package script '/home/rokey/rokey_cobot3/install/rail_bridge/share/rail_bridge/package.sh'
[0.828s] INFO:colcon.colcon_core.shell:Creating package script '/home/rokey/rokey_cobot3/install/rail_bridge/share/rail_bridge/package.bash'
[0.828s] INFO:colcon.colcon_core.shell:Creating package script '/home/rokey/rokey_cobot3/install/rail_bridge/share/rail_bridge/package.zsh'
[0.829s] Level 1:colcon.colcon_core.environment:create_file_with_runtime_dependencies(/home/rokey/rokey_cobot3/install/rail_bridge/share/colcon-core/packages/rail_bridge)
[0.830s] Level 1:colcon.colcon_core.environment:checking '/home/rokey/rokey_cobot3/install/rail_control_core' for CMake module files
[0.830s] DEBUG:colcon.colcon_core.event_handler.log_command:Invoked command in '/home/rokey/rokey_cobot3/src/rail_control_core' returned '0': DEBUGINFOD_URLS=https://debuginfod.ubuntu.com PYTHONPATH=/home/rokey/rokey_cobot3/build/rail_control_core/prefix_override:/usr/lib/python3/dist-packages/colcon_core/task/python/colcon_distutils_commands:/home/rokey/rokey_cobot3/install/rail_control_core/lib/python3.12/site-packages:${PYTHONPATH} /usr/bin/python3 -W ignore:setup.py install is deprecated -W ignore:easy_install command is deprecated setup.py egg_info --egg-base ../../build/rail_control_core build --build-base /home/rokey/rokey_cobot3/build/rail_control_core/build install --record /home/rokey/rokey_cobot3/build/rail_control_core/install.log --install-scripts $base/lib/rail_control_core --single-version-externally-managed install_data
[0.830s] Level 1:colcon.colcon_core.environment:checking '/home/rokey/rokey_cobot3/install/rail_control_core' for CMake config files
[0.830s] Level 1:colcon.colcon_core.environment:checking '/home/rokey/rokey_cobot3/install/rail_control_core/lib'
[0.830s] Level 1:colcon.colcon_core.environment:checking '/home/rokey/rokey_cobot3/install/rail_control_core/bin'
[0.830s] Level 1:colcon.colcon_core.environment:checking '/home/rokey/rokey_cobot3/install/rail_control_core/lib/pkgconfig/rail_control_core.pc'
[0.831s] Level 1:colcon.colcon_core.environment:checking '/home/rokey/rokey_cobot3/install/rail_control_core/lib/python3.12/site-packages'
[0.831s] Level 1:colcon.colcon_core.shell:create_environment_hook('rail_control_core', 'pythonpath')
[0.831s] INFO:colcon.colcon_core.shell:Creating environment hook '/home/rokey/rokey_cobot3/install/rail_control_core/share/rail_control_core/hook/pythonpath.ps1'
[0.831s] INFO:colcon.colcon_core.shell:Creating environment descriptor '/home/rokey/rokey_cobot3/install/rail_control_core/share/rail_control_core/hook/pythonpath.dsv'
[0.831s] INFO:colcon.colcon_core.shell:Creating environment hook '/home/rokey/rokey_cobot3/install/rail_control_core/share/rail_control_core/hook/pythonpath.sh'
[0.832s] Level 1:colcon.colcon_core.environment:checking '/home/rokey/rokey_cobot3/install/rail_control_core/bin'
[0.832s] Level 1:colcon.colcon_core.environment:create_environment_scripts_only(rail_control_core)
[0.832s] INFO:colcon.colcon_core.shell:Creating package script '/home/rokey/rokey_cobot3/install/rail_control_core/share/rail_control_core/package.ps1'
[0.832s] INFO:colcon.colcon_core.shell:Creating package descriptor '/home/rokey/rokey_cobot3/install/rail_control_core/share/rail_control_core/package.dsv'
[0.832s] INFO:colcon.colcon_core.shell:Creating package script '/home/rokey/rokey_cobot3/install/rail_control_core/share/rail_control_core/package.sh'
[0.833s] INFO:colcon.colcon_core.shell:Creating package script '/home/rokey/rokey_cobot3/install/rail_control_core/share/rail_control_core/package.bash'
[0.833s] INFO:colcon.colcon_core.shell:Creating package script '/home/rokey/rokey_cobot3/install/rail_control_core/share/rail_control_core/package.zsh'
[0.833s] Level 1:colcon.colcon_core.environment:create_file_with_runtime_dependencies(/home/rokey/rokey_cobot3/install/rail_control_core/share/colcon-core/packages/rail_control_core)
[0.833s] DEBUG:colcon.colcon_parallel_executor.executor.parallel:closing loop
[0.833s] DEBUG:colcon.colcon_parallel_executor.executor.parallel:loop closed
[0.833s] DEBUG:colcon.colcon_parallel_executor.executor.parallel:run_until_complete finished with '0'
[0.833s] DEBUG:colcon.colcon_core.event_reactor:joining thread
[0.836s] INFO:colcon.colcon_core.plugin_system:Skipping extension 'colcon_notification.desktop_notification.terminal_notifier': Not used on non-Darwin systems
[0.836s] INFO:colcon.colcon_core.plugin_system:Skipping extension 'colcon_notification.desktop_notification.win32': Not used on non-Windows systems
[0.837s] INFO:colcon.colcon_notification.desktop_notification:Sending desktop notification using 'notify2'
[0.864s] DEBUG:colcon.colcon_core.event_reactor:joined thread
[0.864s] INFO:colcon.colcon_core.shell:Creating prefix script '/home/rokey/rokey_cobot3/install/local_setup.ps1'
[0.864s] INFO:colcon.colcon_core.shell:Creating prefix util module '/home/rokey/rokey_cobot3/install/_local_setup_util_ps1.py'
[0.865s] INFO:colcon.colcon_core.shell:Creating prefix chain script '/home/rokey/rokey_cobot3/install/setup.ps1'
[0.865s] INFO:colcon.colcon_core.shell:Creating prefix script '/home/rokey/rokey_cobot3/install/local_setup.sh'
[0.866s] INFO:colcon.colcon_core.shell:Creating prefix util module '/home/rokey/rokey_cobot3/install/_local_setup_util_sh.py'
[0.866s] INFO:colcon.colcon_core.shell:Creating prefix chain script '/home/rokey/rokey_cobot3/install/setup.sh'
[0.866s] INFO:colcon.colcon_core.shell:Creating prefix script '/home/rokey/rokey_cobot3/install/local_setup.bash'
[0.867s] INFO:colcon.colcon_core.shell:Creating prefix chain script '/home/rokey/rokey_cobot3/install/setup.bash'
[0.867s] INFO:colcon.colcon_core.shell:Creating prefix script '/home/rokey/rokey_cobot3/install/local_setup.zsh'
[0.867s] INFO:colcon.colcon_core.shell:Creating prefix chain script '/home/rokey/rokey_cobot3/install/setup.zsh'
